Archive member included to satisfy reference by file (symbol)

lib/orangescrt.a(printf.o)    kernel/main.o (printf)
lib/orangescrt.a(vsprintf.o)  kernel/main.o (vsprintf)
lib/orangescrt.a(string.o)    kernel/start.o (memcpy)
lib/orangescrt.a(misc.o)      kernel/main.o (send_recv)
lib/orangescrt.a(open.o)      kernel/main.o (open)
lib/orangescrt.a(read.o)      kernel/main.o (read)
lib/orangescrt.a(write.o)     kernel/main.o (write)
lib/orangescrt.a(close.o)     kernel/main.o (close)
lib/orangescrt.a(getpid.o)    fs/disklog.o (getpid)
lib/orangescrt.a(syscall.o)   lib/orangescrt.a(misc.o) (sendrec)

分配公共符号
公共符号            大小              文件

idt_ptr             0x6               kernel/global.o
inode_table         0xb00             kernel/global.o
task_stack          0x24000           kernel/global.o
k_reenter           0x4               kernel/global.o
gdt                 0x400             kernel/global.o
current_console     0x4               kernel/global.o
pcaller             0x4               kernel/global.o
tty_table           0xc6c             kernel/global.o
tss                 0x68              kernel/global.o
fs_msg              0x30              kernel/global.o
memory_size         0x4               kernel/global.o
f_desc_table        0x400             kernel/global.o
root_inode          0x4               kernel/global.o
disp_pos            0x4               kernel/global.o
mm_msg              0x30              kernel/global.o
key_pressed         0x4               kernel/global.o
gdt_ptr             0x6               kernel/global.o
idt                 0x800             kernel/global.o
super_block         0x1e0             kernel/global.o
PARTITION_ENTRY     0x10              kernel/hd.o
ticks               0x4               kernel/global.o
console_table       0x3c              kernel/global.o
irq_table           0x40              kernel/global.o
p_proc_ready        0x4               kernel/global.o
proc_table          0x3af8            kernel/global.o

Discarded input sections

 .note.GNU-stack
                0x0000000000000000        0x0 kernel/start.o
 .note.GNU-stack
                0x0000000000000000        0x0 kernel/main.o
 .note.GNU-stack
                0x0000000000000000        0x0 kernel/clock.o
 .note.GNU-stack
                0x0000000000000000        0x0 kernel/keyboard.o
 .note.GNU-stack
                0x0000000000000000        0x0 kernel/tty.o
 .note.GNU-stack
                0x0000000000000000        0x0 kernel/console.o
 .note.GNU-stack
                0x0000000000000000        0x0 kernel/i8259.o
 .note.GNU-stack
                0x0000000000000000        0x0 kernel/global.o
 .note.GNU-stack
                0x0000000000000000        0x0 kernel/protect.o
 .note.GNU-stack
                0x0000000000000000        0x0 kernel/proc.o
 .note.GNU-stack
                0x0000000000000000        0x0 kernel/systask.o
 .note.GNU-stack
                0x0000000000000000        0x0 kernel/hd.o
 .note.GNU-stack
                0x0000000000000000        0x0 kernel/klib.o
 .note.GNU-stack
                0x0000000000000000        0x0 lib/syslog.o
 .note.GNU-stack
                0x0000000000000000        0x0 mm/main.o
 .note.GNU-stack
                0x0000000000000000        0x0 mm/forkexit.o
 .note.GNU-stack
                0x0000000000000000        0x0 fs/main.o
 .note.GNU-stack
                0x0000000000000000        0x0 fs/open.o
 .note.GNU-stack
                0x0000000000000000        0x0 fs/misc.o
 .note.GNU-stack
                0x0000000000000000        0x0 fs/read_write.o
 .note.GNU-stack
                0x0000000000000000        0x0 fs/link.o
 .note.GNU-stack
                0x0000000000000000        0x0 fs/disklog.o
 .note.GNU-stack
                0x0000000000000000        0x0 lib/orangescrt.a(printf.o)
 .note.GNU-stack
                0x0000000000000000        0x0 lib/orangescrt.a(vsprintf.o)
 .note.GNU-stack
                0x0000000000000000        0x0 lib/orangescrt.a(misc.o)
 .note.GNU-stack
                0x0000000000000000        0x0 lib/orangescrt.a(open.o)
 .note.GNU-stack
                0x0000000000000000        0x0 lib/orangescrt.a(read.o)
 .note.GNU-stack
                0x0000000000000000        0x0 lib/orangescrt.a(write.o)
 .note.GNU-stack
                0x0000000000000000        0x0 lib/orangescrt.a(close.o)
 .note.GNU-stack
                0x0000000000000000        0x0 lib/orangescrt.a(getpid.o)

内存配置

名称           来源             长度             属性
*default*        0x0000000000000000 0xffffffffffffffff

Linker script and memory map

段 .text 的地址设置为 0x1000
LOAD kernel/kernel.o
LOAD kernel/start.o
LOAD kernel/main.o
LOAD kernel/clock.o
LOAD kernel/keyboard.o
LOAD kernel/tty.o
LOAD kernel/console.o
LOAD kernel/i8259.o
LOAD kernel/global.o
LOAD kernel/protect.o
LOAD kernel/proc.o
LOAD kernel/systask.o
LOAD kernel/hd.o
LOAD kernel/kliba.o
LOAD kernel/klib.o
LOAD lib/syslog.o
LOAD mm/main.o
LOAD mm/forkexit.o
LOAD fs/main.o
LOAD fs/open.o
LOAD fs/misc.o
LOAD fs/read_write.o
LOAD fs/link.o
LOAD fs/disklog.o
LOAD lib/orangescrt.a
                0x0000000008048000                PROVIDE (__executable_start, 0x8048000)
                0x0000000008048094                . = (0x8048000 + SIZEOF_HEADERS)

.interp
 *(.interp)

.note.gnu.build-id
 *(.note.gnu.build-id)

.hash
 *(.hash)

.gnu.hash
 *(.gnu.hash)

.dynsym
 *(.dynsym)

.dynstr
 *(.dynstr)

.gnu.version
 *(.gnu.version)

.gnu.version_d
 *(.gnu.version_d)

.gnu.version_r
 *(.gnu.version_r)

.rel.dyn        0x0000000008048094        0x0
 *(.rel.init)
 *(.rel.text .rel.text.* .rel.gnu.linkonce.t.*)
 .rel.text      0x0000000000000000        0x0 kernel/kernel.o
 *(.rel.fini)
 *(.rel.rodata .rel.rodata.* .rel.gnu.linkonce.r.*)
 *(.rel.data.rel.ro .rel.data.rel.ro.* .rel.gnu.linkonce.d.rel.ro.*)
 *(.rel.data .rel.data.* .rel.gnu.linkonce.d.*)
 .rel.data      0x0000000000000000        0x0 kernel/kernel.o
 *(.rel.tdata .rel.tdata.* .rel.gnu.linkonce.td.*)
 *(.rel.tbss .rel.tbss.* .rel.gnu.linkonce.tb.*)
 *(.rel.ctors)
 *(.rel.dtors)
 *(.rel.got)
 *(.rel.bss .rel.bss.* .rel.gnu.linkonce.b.*)
 *(.rel.ifunc)

.rel.plt        0x0000000008048094        0x0
 *(.rel.plt)
                0x0000000008048094                PROVIDE (__rel_iplt_start, .)
 *(.rel.iplt)
 .rel.iplt      0x0000000000000000        0x0 kernel/kernel.o
                0x0000000008048094                PROVIDE (__rel_iplt_end, .)

.init
 *(SORT(.init))

.plt            0x00000000080480a0        0x0
 *(.plt)
 *(.iplt)
 .iplt          0x0000000000000000        0x0 kernel/kernel.o

.text           0x0000000000001000     0xbcd8
 *(.text.unlikely .text.*_unlikely .text.unlikely.*)
 *(.text.exit .text.exit.*)
 *(.text.startup .text.startup.*)
 *(.text.hot .text.hot.*)
 *(.text .stub .text.* .gnu.linkonce.t.*)
 .text          0x0000000000001000      0x410 kernel/kernel.o
                0x0000000000001000                _start
                0x0000000000001040                hwint00
                0x0000000000001070                hwint01
                0x00000000000010a0                hwint02
                0x00000000000010d0                hwint03
                0x0000000000001100                hwint04
                0x0000000000001130                hwint05
                0x0000000000001160                hwint06
                0x0000000000001190                hwint07
                0x00000000000011c0                hwint08
                0x00000000000011f0                hwint09
                0x0000000000001220                hwint10
                0x0000000000001250                hwint11
                0x0000000000001280                hwint12
                0x00000000000012b0                hwint13
                0x00000000000012e0                hwint14
                0x0000000000001310                hwint15
                0x0000000000001334                divide_error
                0x000000000000133a                single_step_exception
                0x0000000000001340                nmi
                0x0000000000001346                breakpoint_exception
                0x000000000000134c                overflow
                0x0000000000001352                bounds_check
                0x0000000000001358                inval_opcode
                0x000000000000135e                copr_not_available
                0x0000000000001364                double_fault
                0x0000000000001368                copr_seg_overrun
                0x000000000000136e                inval_tss
                0x0000000000001372                segment_not_present
                0x0000000000001376                stack_exception
                0x000000000000137a                general_protection
                0x000000000000137e                page_fault
                0x0000000000001382                copr_error
                0x00000000000013cb                sys_call
                0x00000000000013eb                restart
 .text          0x0000000000001410       0x8e kernel/start.o
                0x0000000000001410                cstart
 .text          0x000000000000149e      0x650 kernel/main.o
                0x000000000000149e                kernel_main
                0x00000000000017d3                get_ticks
                0x000000000000180b                untar
                0x00000000000019e1                Init
                0x0000000000001a8f                TestA
                0x0000000000001a94                TestB
                0x0000000000001a99                TestC
                0x0000000000001a9e                panic
 .text          0x0000000000001aee      0x115 kernel/clock.o
                0x0000000000001aee                clock_handler
                0x0000000000001b66                milli_delay
                0x0000000000001b9f                init_clock
 .text          0x0000000000001c03      0x6cf kernel/keyboard.o
                0x0000000000001c03                keyboard_handler
                0x0000000000001c69                init_keyboard
                0x0000000000001d18                keyboard_read
 .text          0x00000000000022d2      0xa6c kernel/tty.o
                0x00000000000022d2                task_tty
                0x00000000000024c7                in_process
                0x0000000000002a45                sys_printx
                0x0000000000002be7                dump_tty_buf
 .text          0x0000000000002d3e      0x7e1 kernel/console.o
                0x0000000000002d3e                init_screen
                0x0000000000002eaf                out_char
                0x00000000000031a5                is_current_console
                0x000000000000329a                select_console
                0x00000000000032d5                scroll_screen
 .text          0x000000000000351f      0x13c kernel/i8259.o
                0x000000000000351f                init_8259A
                0x0000000000003610                spurious_irq
                0x000000000000363b                put_irq_handler
 .text          0x000000000000365b        0x0 kernel/global.o
 .text          0x000000000000365b      0x842 kernel/protect.o
                0x000000000000365b                init_prot
                0x0000000000003cb5                seg2linear
                0x0000000000003d04                init_desc
                0x0000000000003d70                exception_handler
 .text          0x0000000000003e9d     0x1892 kernel/proc.o
                0x0000000000003e9d                schedule
                0x0000000000003f28                sys_sendrec
                0x0000000000004087                ldt_seg_linear
                0x00000000000040d1                va2la
                0x0000000000004140                reset_msg
                0x00000000000050ef                inform_int
                0x0000000000005285                dump_proc
                0x00000000000055e8                dump_msg
 .text          0x000000000000572f      0x2cf kernel/systask.o
                0x000000000000572f                task_sys
 .text          0x00000000000059fe      0xe9e kernel/hd.o
                0x00000000000059fe                task_hd
                0x0000000000006877                hd_handler
 *fill*         0x000000000000689c        0x4 
 .text          0x00000000000068a0      0x19a kernel/kliba.o
                0x00000000000068a0                disp_str
                0x00000000000068de                disp_color_str
                0x000000000000691d                out_byte
                0x0000000000006929                in_byte
                0x0000000000006933                port_read
                0x0000000000006946                port_write
                0x0000000000006959                disable_irq
                0x000000000000698e                enable_irq
                0x00000000000069ad                disable_int
                0x00000000000069af                enable_int
                0x00000000000069b1                glitter
 .text          0x0000000000006a3a      0x2d2 kernel/klib.o
                0x0000000000006a3a                get_boot_params
                0x0000000000006ada                get_kernel_map
                0x0000000000006bf6                itoa
                0x0000000000006ca1                disp_int
                0x0000000000006cc6                delay
 .text          0x0000000000006d0c       0x75 lib/syslog.o
                0x0000000000006d0c                syslog
 .text          0x0000000000006d81      0x1c1 mm/main.o
                0x0000000000006d81                task_mm
                0x0000000000006eaf                alloc_mem
                0x0000000000006f38                free_mem
 .text          0x0000000000006f42      0x641 mm/forkexit.o
                0x0000000000006f42                do_fork
                0x00000000000072ff                do_exit
                0x00000000000074ca                do_wait
 .text          0x0000000000007583     0x1213 fs/main.o
                0x0000000000007583                task_fs
                0x0000000000008134                rw_sector
                0x000000000000836e                get_super_block
                0x00000000000083b4                get_inode
                0x0000000000008522                put_inode
                0x0000000000008567                sync_inode
 .text          0x0000000000008796      0xb5d fs/open.o
                0x0000000000008796                do_open
                0x0000000000008c25                do_close
                0x0000000000008c9c                do_lseek
 .text          0x00000000000092f3      0x205 fs/misc.o
                0x00000000000092f3                search_file
                0x000000000000946c                strip_path
 .text          0x00000000000094f8      0x522 fs/read_write.o
                0x00000000000094f8                do_rdwt
 .text          0x0000000000009a1a      0x8f6 fs/link.o
                0x0000000000009a1a                do_unlink
 .text          0x000000000000a310     0x2142 fs/disklog.o
                0x000000000000a310                disklog
                0x000000000000a956                dump_fd_graph
 .text          0x000000000000c452       0xc0 lib/orangescrt.a(printf.o)
                0x000000000000c452                printf
                0x000000000000c4d1                printl
 .text          0x000000000000c512      0x318 lib/orangescrt.a(vsprintf.o)
                0x000000000000c575                vsprintf
                0x000000000000c800                sprintf
 *fill*         0x000000000000c82a        0x6 
 .text          0x000000000000c830       0x78 lib/orangescrt.a(string.o)
                0x000000000000c830                memcpy
                0x000000000000c859                memset
                0x000000000000c87a                strcpy
                0x000000000000c892                strlen
 .text          0x000000000000c8a8      0x288 lib/orangescrt.a(misc.o)
                0x000000000000c8a8                send_recv
                0x000000000000c988                memcmp
                0x000000000000c9fe                strcmp
                0x000000000000ca70                strcat
                0x000000000000cacf                spin
                0x000000000000caea                assertion_failure
 .text          0x000000000000cb30       0x73 lib/orangescrt.a(open.o)
                0x000000000000cb30                open
 .text          0x000000000000cba3       0x3f lib/orangescrt.a(read.o)
                0x000000000000cba3                read
 .text          0x000000000000cbe2       0x3f lib/orangescrt.a(write.o)
                0x000000000000cbe2                write
 .text          0x000000000000cc21       0x33 lib/orangescrt.a(close.o)
                0x000000000000cc21                close
 .text          0x000000000000cc54       0x59 lib/orangescrt.a(getpid.o)
                0x000000000000cc54                getpid
 *fill*         0x000000000000ccad        0x3 
 .text          0x000000000000ccb0       0x28 lib/orangescrt.a(syscall.o)
                0x000000000000ccb0                sendrec
                0x000000000000ccca                printx
 *(.gnu.warning)

.fini
 *(SORT(.fini))
                0x000000000000ccd8                PROVIDE (__etext, .)
                0x000000000000ccd8                PROVIDE (_etext, .)
                0x000000000000ccd8                PROVIDE (etext, .)

.rodata         0x000000000000cce0     0x237d
 *(.rodata .rodata.* .gnu.linkonce.r.*)
 .rodata        0x000000000000cce0       0x47 kernel/start.o
 *fill*         0x000000000000cd27        0x1 
 .rodata        0x000000000000cd28      0x135 kernel/main.o
 *fill*         0x000000000000ce5d        0x3 
 .rodata        0x000000000000ce60       0x64 kernel/keyboard.o
 .rodata        0x000000000000cec4      0x168 kernel/tty.o
 .rodata        0x000000000000d02c       0x5b kernel/console.o
 .rodata        0x000000000000d087       0x11 kernel/i8259.o
 .rodata        0x000000000000d098       0x10 kernel/global.o
                0x000000000000d098                FSBUF_SIZE
                0x000000000000d09c                MMBUF_SIZE
                0x000000000000d0a0                LOGBUF_SIZE
                0x000000000000d0a4                LOGDISKBUF_SIZE
 *fill*         0x000000000000d0a8       0x18 
 .rodata        0x000000000000d0c0      0x580 kernel/protect.o
 .rodata        0x000000000000d640      0x5da kernel/proc.o
 .rodata        0x000000000000dc1a       0x11 kernel/systask.o
 *fill*         0x000000000000dc2b        0x1 
 .rodata        0x000000000000dc2c      0x1df kernel/hd.o
 *fill*         0x000000000000de0b        0x1 
 .rodata        0x000000000000de0c       0x6a kernel/klib.o
 .rodata        0x000000000000de76       0x1e lib/syslog.o
 .rodata        0x000000000000de94       0xb1 mm/main.o
 *fill*         0x000000000000df45        0x3 
 .rodata        0x000000000000df48      0x108 mm/forkexit.o
 .rodata        0x000000000000e050      0x2ba fs/main.o
 *fill*         0x000000000000e30a        0x2 
 .rodata        0x000000000000e30c      0x13c fs/open.o
 .rodata        0x000000000000e448      0x164 fs/read_write.o
 .rodata        0x000000000000e5ac      0x1ad fs/link.o
 *fill*         0x000000000000e759        0x3 
 .rodata        0x000000000000e75c      0x806 fs/disklog.o
 .rodata        0x000000000000ef62       0x10 lib/orangescrt.a(printf.o)
 *fill*         0x000000000000ef72        0x2 
 .rodata        0x000000000000ef74       0xa9 lib/orangescrt.a(misc.o)
 .rodata        0x000000000000f01d       0x1f lib/orangescrt.a(open.o)
 .rodata        0x000000000000f03c       0x21 lib/orangescrt.a(getpid.o)

.rodata1
 *(.rodata1)

.eh_frame_hdr
 *(.eh_frame_hdr)

.eh_frame       0x000000000000f060     0x1194
 *(.eh_frame)
 .eh_frame      0x000000000000f060       0x38 kernel/start.o
 .eh_frame      0x000000000000f098       0xf0 kernel/main.o
                                        0x108 (size before relaxing)
 .eh_frame      0x000000000000f188       0x60 kernel/clock.o
                                         0x78 (size before relaxing)
 .eh_frame      0x000000000000f1e8       0xe0 kernel/keyboard.o
                                         0xf8 (size before relaxing)
 .eh_frame      0x000000000000f2c8      0x13c kernel/tty.o
                                        0x154 (size before relaxing)
 .eh_frame      0x000000000000f404      0x148 kernel/console.o
                                        0x160 (size before relaxing)
 .eh_frame      0x000000000000f54c       0x60 kernel/i8259.o
                                         0x78 (size before relaxing)
 .eh_frame      0x000000000000f5ac       0xb0 kernel/protect.o
                                         0xc8 (size before relaxing)
 .eh_frame      0x000000000000f65c      0x1c0 kernel/proc.o
                                        0x1d8 (size before relaxing)
 .eh_frame      0x000000000000f81c       0x5c kernel/systask.o
                                         0x74 (size before relaxing)
 .eh_frame      0x000000000000f878      0x210 kernel/hd.o
                                        0x228 (size before relaxing)
 .eh_frame      0x000000000000fa88       0xa0 kernel/klib.o
                                         0xb8 (size before relaxing)
 .eh_frame      0x000000000000fb28       0x20 lib/syslog.o
                                         0x38 (size before relaxing)
 .eh_frame      0x000000000000fb48       0x7c mm/main.o
                                         0x94 (size before relaxing)
 .eh_frame      0x000000000000fbc4       0x90 mm/forkexit.o
                                         0xa8 (size before relaxing)
 .eh_frame      0x000000000000fc54      0x174 fs/main.o
                                        0x18c (size before relaxing)
 .eh_frame      0x000000000000fdc8      0x128 fs/open.o
                                        0x140 (size before relaxing)
 .eh_frame      0x000000000000fef0       0x48 fs/misc.o
                                         0x60 (size before relaxing)
 .eh_frame      0x000000000000ff38       0x2c fs/read_write.o
                                         0x44 (size before relaxing)
 .eh_frame      0x000000000000ff64       0x2c fs/link.o
                                         0x44 (size before relaxing)
 .eh_frame      0x000000000000ff90       0x60 fs/disklog.o
                                         0x78 (size before relaxing)
 .eh_frame      0x000000000000fff0       0x40 lib/orangescrt.a(printf.o)
                                         0x58 (size before relaxing)
 .eh_frame      0x0000000000010030       0x68 lib/orangescrt.a(vsprintf.o)
                                         0x80 (size before relaxing)
 .eh_frame      0x0000000000010098       0xbc lib/orangescrt.a(misc.o)
                                         0xd4 (size before relaxing)
 .eh_frame      0x0000000000010154       0x20 lib/orangescrt.a(open.o)
                                         0x38 (size before relaxing)
 .eh_frame      0x0000000000010174       0x20 lib/orangescrt.a(read.o)
                                         0x38 (size before relaxing)
 .eh_frame      0x0000000000010194       0x20 lib/orangescrt.a(write.o)
                                         0x38 (size before relaxing)
 .eh_frame      0x00000000000101b4       0x20 lib/orangescrt.a(close.o)
                                         0x38 (size before relaxing)
 .eh_frame      0x00000000000101d4       0x20 lib/orangescrt.a(getpid.o)
                                         0x38 (size before relaxing)

.gcc_except_table
 *(.gcc_except_table .gcc_except_table.*)

.exception_ranges
 *(.exception_ranges .exception_ranges*)
                0x00000000000101f4                . = (ALIGN (0x1000) - ((0x1000 - .) & 0xfff))
                0x0000000000011000                . = DATA_SEGMENT_ALIGN (0x1000, 0x1000)

.eh_frame
 *(.eh_frame)

.gcc_except_table
 *(.gcc_except_table .gcc_except_table.*)

.exception_ranges
 *(.exception_ranges .exception_ranges*)

.tdata
 *(.tdata .tdata.* .gnu.linkonce.td.*)

.tbss
 *(.tbss .tbss.* .gnu.linkonce.tb.*)
 *(.tcommon)

.preinit_array  0x0000000000011000        0x0
                0x0000000000011000                PROVIDE (__preinit_array_start, .)
 *(.preinit_array)
                0x0000000000011000                PROVIDE (__preinit_array_end, .)

.init_array     0x0000000000011000        0x0
                0x0000000000011000                PROVIDE (__init_array_start, .)
 *(SORT(.init_array.*) SORT(.ctors.*))
 *(.init_array EXCLUDE_FILE(*crtend?.o *crtend.o *crtbegin?.o *crtbegin.o) .ctors)
                0x0000000000011000                PROVIDE (__init_array_end, .)

.fini_array     0x0000000000011000        0x0
                0x0000000000011000                PROVIDE (__fini_array_start, .)
 *(SORT(.fini_array.*) SORT(.dtors.*))
 *(.fini_array EXCLUDE_FILE(*crtend?.o *crtend.o *crtbegin?.o *crtbegin.o) .dtors)
                0x0000000000011000                PROVIDE (__fini_array_end, .)

.ctors
 *crtbegin.o(.ctors)
 *crtbegin?.o(.ctors)
 *(EXCLUDE_FILE(*crtend?.o *crtend.o) .ctors)
 *(SORT(.ctors.*))
 *(.ctors)

.dtors
 *crtbegin.o(.dtors)
 *crtbegin?.o(.dtors)
 *(EXCLUDE_FILE(*crtend?.o *crtend.o) .dtors)
 *(SORT(.dtors.*))
 *(.dtors)

.jcr
 *(.jcr)

.data.rel.ro
 *(.data.rel.ro.local* .gnu.linkonce.d.rel.ro.local.*)
 *(.data.rel.ro .data.rel.ro.* .gnu.linkonce.d.rel.ro.*)

.dynamic
 *(.dynamic)

.got
 *(.got)
 *(.igot)
                0x0000000000011000                . = DATA_SEGMENT_RELRO_END (., (SIZEOF (.got.plt) >= 0xc)?0xc:0x0)

.got.plt        0x0000000000011000        0x0
 *(.got.plt)
 *(.igot.plt)
 .igot.plt      0x0000000000000000        0x0 kernel/kernel.o

.data           0x0000000000011000      0x814
 *(.data .data.* .gnu.linkonce.d.*)
 .data          0x0000000000011000        0x2 kernel/kernel.o
 .data          0x0000000000011002        0x0 kernel/start.o
 .data          0x0000000000011002        0x0 kernel/main.o
 .data          0x0000000000011002        0x0 kernel/clock.o
 *fill*         0x0000000000011002       0x1e 
 .data          0x0000000000011020      0x600 kernel/keyboard.o
                0x0000000000011020                keymap
 .data          0x0000000000011620       0x22 kernel/tty.o
 .data          0x0000000000011642        0x0 kernel/console.o
 .data          0x0000000000011642        0x0 kernel/i8259.o
 *fill*         0x0000000000011642       0x1e 
 .data          0x0000000000011660      0x1b4 kernel/global.o
                0x0000000000011660                task_table
                0x0000000000011740                user_proc_table
                0x00000000000117e0                sys_call_table
                0x00000000000117ec                dd_map
                0x0000000000011804                fsbuf
                0x0000000000011808                mmbuf
                0x000000000001180c                logbuf
                0x0000000000011810                logdiskbuf
 .data          0x0000000000011814        0x0 kernel/protect.o
 .data          0x0000000000011814        0x0 kernel/proc.o
 .data          0x0000000000011814        0x0 kernel/systask.o
 .data          0x0000000000011814        0x0 kernel/hd.o
 .data          0x0000000000011814        0x0 kernel/klib.o
 .data          0x0000000000011814        0x0 lib/syslog.o
 .data          0x0000000000011814        0x0 mm/main.o
 .data          0x0000000000011814        0x0 mm/forkexit.o
 .data          0x0000000000011814        0x0 fs/main.o
 .data          0x0000000000011814        0x0 fs/open.o
 .data          0x0000000000011814        0x0 fs/misc.o
 .data          0x0000000000011814        0x0 fs/read_write.o
 .data          0x0000000000011814        0x0 fs/link.o
 .data          0x0000000000011814        0x0 fs/disklog.o
 .data          0x0000000000011814        0x0 lib/orangescrt.a(printf.o)
 .data          0x0000000000011814        0x0 lib/orangescrt.a(vsprintf.o)
 .data          0x0000000000011814        0x0 lib/orangescrt.a(misc.o)
 .data          0x0000000000011814        0x0 lib/orangescrt.a(open.o)
 .data          0x0000000000011814        0x0 lib/orangescrt.a(read.o)
 .data          0x0000000000011814        0x0 lib/orangescrt.a(write.o)
 .data          0x0000000000011814        0x0 lib/orangescrt.a(close.o)
 .data          0x0000000000011814        0x0 lib/orangescrt.a(getpid.o)

.data1
 *(.data1)
                0x0000000000011814                _edata = .
                0x0000000000011814                PROVIDE (edata, .)
                0x0000000000011814                . = .
                0x0000000000011814                __bss_start = .

.bss            0x0000000000011820    0x2b788
 *(.dynbss)
 *(.bss .bss.* .gnu.linkonce.b.*)
 .bss           0x0000000000011820      0x800 kernel/kernel.o
 .bss           0x0000000000012020        0x0 kernel/start.o
 .bss           0x0000000000012020        0x0 kernel/main.o
 .bss           0x0000000000012020        0x0 kernel/clock.o
 .bss           0x0000000000012020       0x58 kernel/keyboard.o
 .bss           0x0000000000012078        0x0 kernel/tty.o
 .bss           0x0000000000012078        0x0 kernel/console.o
 .bss           0x0000000000012078        0x0 kernel/i8259.o
 .bss           0x0000000000012078        0x0 kernel/global.o
 .bss           0x0000000000012078        0x0 kernel/protect.o
 .bss           0x0000000000012078        0x0 kernel/proc.o
 .bss           0x0000000000012078        0x0 kernel/systask.o
 *fill*         0x0000000000012078        0x8 
 .bss           0x0000000000012080      0x64c kernel/hd.o
 .bss           0x00000000000126cc        0x0 kernel/klib.o
 .bss           0x00000000000126cc        0x0 lib/syslog.o
 .bss           0x00000000000126cc        0x0 mm/main.o
 .bss           0x00000000000126cc        0x0 mm/forkexit.o
 .bss           0x00000000000126cc        0x0 fs/main.o
 .bss           0x00000000000126cc        0x0 fs/open.o
 .bss           0x00000000000126cc        0x0 fs/misc.o
 .bss           0x00000000000126cc        0x0 fs/read_write.o
 .bss           0x00000000000126cc        0x0 fs/link.o
 *fill*         0x00000000000126cc       0x14 
 .bss           0x00000000000126e0      0x208 fs/disklog.o
 .bss           0x00000000000128e8        0x0 lib/orangescrt.a(printf.o)
 .bss           0x00000000000128e8        0x0 lib/orangescrt.a(vsprintf.o)
 .bss           0x00000000000128e8        0x0 lib/orangescrt.a(misc.o)
 .bss           0x00000000000128e8        0x0 lib/orangescrt.a(open.o)
 .bss           0x00000000000128e8        0x0 lib/orangescrt.a(read.o)
 .bss           0x00000000000128e8        0x0 lib/orangescrt.a(write.o)
 .bss           0x00000000000128e8        0x0 lib/orangescrt.a(close.o)
 .bss           0x00000000000128e8        0x0 lib/orangescrt.a(getpid.o)
 *(COMMON)
 *fill*         0x00000000000128e8       0x18 
 COMMON         0x0000000000012900    0x2a698 kernel/global.o
                0x0000000000012900                idt_ptr
                0x0000000000012920                inode_table
                0x0000000000013420                task_stack
                0x0000000000037420                k_reenter
                0x0000000000037440                gdt
                0x0000000000037840                current_console
                0x0000000000037844                pcaller
                0x0000000000037860                tty_table
                0x00000000000384e0                tss
                0x0000000000038560                fs_msg
                0x0000000000038590                memory_size
                0x00000000000385a0                f_desc_table
                0x00000000000389a0                root_inode
                0x00000000000389a4                disp_pos
                0x00000000000389c0                mm_msg
                0x00000000000389f0                key_pressed
                0x00000000000389f4                gdt_ptr
                0x0000000000038a00                idt
                0x0000000000039200                super_block
                0x00000000000393e0                ticks
                0x0000000000039400                console_table
                0x0000000000039440                irq_table
                0x0000000000039480                p_proc_ready
                0x00000000000394a0                proc_table
 COMMON         0x000000000003cf98       0x10 kernel/hd.o
                0x000000000003cf98                PARTITION_ENTRY
                0x000000000003cfa8                . = ALIGN ((. != 0x0)?0x4:0x1)
                0x000000000003cfa8                . = ALIGN (0x4)
                0x000000000003cfa8                . = SEGMENT_START ("ldata-segment", .)
                0x000000000003cfa8                . = ALIGN (0x4)
                0x000000000003cfa8                _end = .
                0x000000000003cfa8                PROVIDE (end, .)
                0x000000000003cfa8                . = DATA_SEGMENT_END (.)

.stab
 *(.stab)

.stabstr
 *(.stabstr)

.stab.excl
 *(.stab.excl)

.stab.exclstr
 *(.stab.exclstr)

.stab.index
 *(.stab.index)

.stab.indexstr
 *(.stab.indexstr)

.comment        0x0000000000000000       0x2b
 *(.comment)
 .comment       0x0000000000000000       0x2b kernel/start.o
                                         0x2c (size before relaxing)
 .comment       0x0000000000000000       0x2c kernel/main.o
 .comment       0x0000000000000000       0x2c kernel/clock.o
 .comment       0x0000000000000000       0x2c kernel/keyboard.o
 .comment       0x0000000000000000       0x2c kernel/tty.o
 .comment       0x0000000000000000       0x2c kernel/console.o
 .comment       0x0000000000000000       0x2c kernel/i8259.o
 .comment       0x0000000000000000       0x2c kernel/global.o
 .comment       0x0000000000000000       0x2c kernel/protect.o
 .comment       0x0000000000000000       0x2c kernel/proc.o
 .comment       0x0000000000000000       0x2c kernel/systask.o
 .comment       0x0000000000000000       0x2c kernel/hd.o
 .comment       0x0000000000000000       0x2c kernel/klib.o
 .comment       0x0000000000000000       0x2c lib/syslog.o
 .comment       0x0000000000000000       0x2c mm/main.o
 .comment       0x0000000000000000       0x2c mm/forkexit.o
 .comment       0x0000000000000000       0x2c fs/main.o
 .comment       0x0000000000000000       0x2c fs/open.o
 .comment       0x0000000000000000       0x2c fs/misc.o
 .comment       0x0000000000000000       0x2c fs/read_write.o
 .comment       0x0000000000000000       0x2c fs/link.o
 .comment       0x0000000000000000       0x2c fs/disklog.o
 .comment       0x0000000000000000       0x2c lib/orangescrt.a(printf.o)
 .comment       0x0000000000000000       0x2c lib/orangescrt.a(vsprintf.o)
 .comment       0x0000000000000000       0x2c lib/orangescrt.a(misc.o)
 .comment       0x0000000000000000       0x2c lib/orangescrt.a(open.o)
 .comment       0x0000000000000000       0x2c lib/orangescrt.a(read.o)
 .comment       0x0000000000000000       0x2c lib/orangescrt.a(write.o)
 .comment       0x0000000000000000       0x2c lib/orangescrt.a(close.o)
 .comment       0x0000000000000000       0x2c lib/orangescrt.a(getpid.o)

.debug
 *(.debug)

.line
 *(.line)

.debug_srcinfo
 *(.debug_srcinfo)

.debug_sfnames
 *(.debug_sfnames)

.debug_aranges
 *(.debug_aranges)

.debug_pubnames
 *(.debug_pubnames)

.debug_info
 *(.debug_info .gnu.linkonce.wi.*)

.debug_abbrev
 *(.debug_abbrev)

.debug_line
 *(.debug_line .debug_line.* .debug_line_end)

.debug_frame
 *(.debug_frame)

.debug_str
 *(.debug_str)

.debug_loc
 *(.debug_loc)

.debug_macinfo
 *(.debug_macinfo)

.debug_weaknames
 *(.debug_weaknames)

.debug_funcnames
 *(.debug_funcnames)

.debug_typenames
 *(.debug_typenames)

.debug_varnames
 *(.debug_varnames)

.debug_pubtypes
 *(.debug_pubtypes)

.debug_ranges
 *(.debug_ranges)

.debug_macro
 *(.debug_macro)

.gnu.attributes
 *(.gnu.attributes)

/DISCARD/
 *(.note.GNU-stack)
 *(.gnu_debuglink)
 *(.gnu.lto_*)
OUTPUT(kernel.bin elf32-i386)
