
分配公共符号
公共符号            大小              文件

idt_ptr             0x6               kernel/global.o
inode_table         0xb00             kernel/global.o
task_stack          0x24000           kernel/global.o
k_reenter           0x4               kernel/global.o
gdt                 0x400             kernel/global.o
current_console     0x4               kernel/global.o
pcaller             0x4               kernel/global.o
tty_table           0xc6c             kernel/global.o
tss                 0x68              kernel/global.o
fs_msg              0x30              kernel/global.o
memory_size         0x4               kernel/global.o
f_desc_table        0x400             kernel/global.o
root_inode          0x4               kernel/global.o
disp_pos            0x4               kernel/global.o
mm_msg              0x30              kernel/global.o
key_pressed         0x4               kernel/global.o
gdt_ptr             0x6               kernel/global.o
idt                 0x800             kernel/global.o
super_block         0x1e0             kernel/global.o
PARTITION_ENTRY     0x10              kernel/hd.o
ticks               0x4               kernel/global.o
console_table       0x3c              kernel/global.o
irq_table           0x40              kernel/global.o
p_proc_ready        0x4               kernel/global.o
proc_table          0x3af8            kernel/global.o

Discarded input sections

 .note.GNU-stack
                0x0000000000000000        0x0 kernel/start.o
 .note.GNU-stack
                0x0000000000000000        0x0 kernel/main.o
 .note.GNU-stack
                0x0000000000000000        0x0 kernel/clock.o
 .note.GNU-stack
                0x0000000000000000        0x0 kernel/keyboard.o
 .note.GNU-stack
                0x0000000000000000        0x0 kernel/tty.o
 .note.GNU-stack
                0x0000000000000000        0x0 kernel/console.o
 .note.GNU-stack
                0x0000000000000000        0x0 kernel/i8259.o
 .note.GNU-stack
                0x0000000000000000        0x0 kernel/global.o
 .note.GNU-stack
                0x0000000000000000        0x0 kernel/protect.o
 .note.GNU-stack
                0x0000000000000000        0x0 kernel/proc.o
 .note.GNU-stack
                0x0000000000000000        0x0 kernel/systask.o
 .note.GNU-stack
                0x0000000000000000        0x0 kernel/hd.o
 .note.GNU-stack
                0x0000000000000000        0x0 lib/printf.o
 .note.GNU-stack
                0x0000000000000000        0x0 lib/vsprintf.o
 .note.GNU-stack
                0x0000000000000000        0x0 lib/klib.o
 .note.GNU-stack
                0x0000000000000000        0x0 lib/misc.o
 .note.GNU-stack
                0x0000000000000000        0x0 lib/open.o
 .note.GNU-stack
                0x0000000000000000        0x0 lib/read.o
 .note.GNU-stack
                0x0000000000000000        0x0 lib/write.o
 .note.GNU-stack
                0x0000000000000000        0x0 lib/close.o
 .note.GNU-stack
                0x0000000000000000        0x0 lib/unlink.o
 .note.GNU-stack
                0x0000000000000000        0x0 lib/getpid.o
 .note.GNU-stack
                0x0000000000000000        0x0 lib/syslog.o
 .note.GNU-stack
                0x0000000000000000        0x0 lib/fork.o
 .note.GNU-stack
                0x0000000000000000        0x0 lib/exit.o
 .note.GNU-stack
                0x0000000000000000        0x0 lib/wait.o
 .note.GNU-stack
                0x0000000000000000        0x0 mm/main.o
 .note.GNU-stack
                0x0000000000000000        0x0 mm/forkexit.o
 .note.GNU-stack
                0x0000000000000000        0x0 fs/main.o
 .note.GNU-stack
                0x0000000000000000        0x0 fs/open.o
 .note.GNU-stack
                0x0000000000000000        0x0 fs/misc.o
 .note.GNU-stack
                0x0000000000000000        0x0 fs/read_write.o
 .note.GNU-stack
                0x0000000000000000        0x0 fs/link.o
 .note.GNU-stack
                0x0000000000000000        0x0 fs/disklog.o

内存配置

名称           来源             长度             属性
*default*        0x0000000000000000 0xffffffffffffffff

Linker script and memory map

段 .text 的地址设置为 0x1000
LOAD kernel/kernel.o
LOAD lib/syscall.o
LOAD kernel/start.o
LOAD kernel/main.o
LOAD kernel/clock.o
LOAD kernel/keyboard.o
LOAD kernel/tty.o
LOAD kernel/console.o
LOAD kernel/i8259.o
LOAD kernel/global.o
LOAD kernel/protect.o
LOAD kernel/proc.o
LOAD kernel/systask.o
LOAD kernel/hd.o
LOAD lib/printf.o
LOAD lib/vsprintf.o
LOAD lib/kliba.o
LOAD lib/klib.o
LOAD lib/string.o
LOAD lib/misc.o
LOAD lib/open.o
LOAD lib/read.o
LOAD lib/write.o
LOAD lib/close.o
LOAD lib/unlink.o
LOAD lib/getpid.o
LOAD lib/syslog.o
LOAD lib/fork.o
LOAD lib/exit.o
LOAD lib/wait.o
LOAD mm/main.o
LOAD mm/forkexit.o
LOAD fs/main.o
LOAD fs/open.o
LOAD fs/misc.o
LOAD fs/read_write.o
LOAD fs/link.o
LOAD fs/disklog.o
                0x0000000008048000                PROVIDE (__executable_start, 0x8048000)
                0x0000000008048094                . = (0x8048000 + SIZEOF_HEADERS)

.interp
 *(.interp)

.note.gnu.build-id
 *(.note.gnu.build-id)

.hash
 *(.hash)

.gnu.hash
 *(.gnu.hash)

.dynsym
 *(.dynsym)

.dynstr
 *(.dynstr)

.gnu.version
 *(.gnu.version)

.gnu.version_d
 *(.gnu.version_d)

.gnu.version_r
 *(.gnu.version_r)

.rel.dyn        0x0000000008048094        0x0
 *(.rel.init)
 *(.rel.text .rel.text.* .rel.gnu.linkonce.t.*)
 .rel.text      0x0000000000000000        0x0 kernel/kernel.o
 *(.rel.fini)
 *(.rel.rodata .rel.rodata.* .rel.gnu.linkonce.r.*)
 *(.rel.data.rel.ro .rel.data.rel.ro.* .rel.gnu.linkonce.d.rel.ro.*)
 *(.rel.data .rel.data.* .rel.gnu.linkonce.d.*)
 .rel.data      0x0000000000000000        0x0 kernel/kernel.o
 *(.rel.tdata .rel.tdata.* .rel.gnu.linkonce.td.*)
 *(.rel.tbss .rel.tbss.* .rel.gnu.linkonce.tb.*)
 *(.rel.ctors)
 *(.rel.dtors)
 *(.rel.got)
 *(.rel.bss .rel.bss.* .rel.gnu.linkonce.b.*)
 *(.rel.ifunc)

.rel.plt        0x0000000008048094        0x0
 *(.rel.plt)
                0x0000000008048094                PROVIDE (__rel_iplt_start, .)
 *(.rel.iplt)
 .rel.iplt      0x0000000000000000        0x0 kernel/kernel.o
                0x0000000008048094                PROVIDE (__rel_iplt_end, .)

.init
 *(SORT(.init))

.plt            0x00000000080480a0        0x0
 *(.plt)
 *(.iplt)
 .iplt          0x0000000000000000        0x0 kernel/kernel.o

.text           0x0000000000001000     0xbbe2
 *(.text.unlikely .text.*_unlikely .text.unlikely.*)
 *(.text.exit .text.exit.*)
 *(.text.startup .text.startup.*)
 *(.text.hot .text.hot.*)
 *(.text .stub .text.* .gnu.linkonce.t.*)
 .text          0x0000000000001000      0x410 kernel/kernel.o
                0x0000000000001000                _start
                0x0000000000001040                hwint00
                0x0000000000001070                hwint01
                0x00000000000010a0                hwint02
                0x00000000000010d0                hwint03
                0x0000000000001100                hwint04
                0x0000000000001130                hwint05
                0x0000000000001160                hwint06
                0x0000000000001190                hwint07
                0x00000000000011c0                hwint08
                0x00000000000011f0                hwint09
                0x0000000000001220                hwint10
                0x0000000000001250                hwint11
                0x0000000000001280                hwint12
                0x00000000000012b0                hwint13
                0x00000000000012e0                hwint14
                0x0000000000001310                hwint15
                0x0000000000001334                divide_error
                0x000000000000133a                single_step_exception
                0x0000000000001340                nmi
                0x0000000000001346                breakpoint_exception
                0x000000000000134c                overflow
                0x0000000000001352                bounds_check
                0x0000000000001358                inval_opcode
                0x000000000000135e                copr_not_available
                0x0000000000001364                double_fault
                0x0000000000001368                copr_seg_overrun
                0x000000000000136e                inval_tss
                0x0000000000001372                segment_not_present
                0x0000000000001376                stack_exception
                0x000000000000137a                general_protection
                0x000000000000137e                page_fault
                0x0000000000001382                copr_error
                0x00000000000013cb                sys_call
                0x00000000000013eb                restart
 .text          0x0000000000001410       0x28 lib/syscall.o
                0x0000000000001410                sendrec
                0x000000000000142a                printx
 .text          0x0000000000001438       0x8e kernel/start.o
                0x0000000000001438                cstart
 .text          0x00000000000014c6      0x4b2 kernel/main.o
                0x00000000000014c6                kernel_main
                0x00000000000017fb                get_ticks
                0x0000000000001833                Init
                0x0000000000001919                TestA
                0x000000000000191e                TestB
                0x0000000000001923                TestC
                0x0000000000001928                panic
 .text          0x0000000000001978      0x115 kernel/clock.o
                0x0000000000001978                clock_handler
                0x00000000000019f0                milli_delay
                0x0000000000001a29                init_clock
 .text          0x0000000000001a8d      0x6cf kernel/keyboard.o
                0x0000000000001a8d                keyboard_handler
                0x0000000000001af3                init_keyboard
                0x0000000000001ba2                keyboard_read
 .text          0x000000000000215c      0xa6c kernel/tty.o
                0x000000000000215c                task_tty
                0x0000000000002351                in_process
                0x00000000000028cf                sys_printx
                0x0000000000002a71                dump_tty_buf
 .text          0x0000000000002bc8      0x7e1 kernel/console.o
                0x0000000000002bc8                init_screen
                0x0000000000002d39                out_char
                0x000000000000302f                is_current_console
                0x0000000000003124                select_console
                0x000000000000315f                scroll_screen
 .text          0x00000000000033a9      0x13c kernel/i8259.o
                0x00000000000033a9                init_8259A
                0x000000000000349a                spurious_irq
                0x00000000000034c5                put_irq_handler
 .text          0x00000000000034e5        0x0 kernel/global.o
 .text          0x00000000000034e5      0x842 kernel/protect.o
                0x00000000000034e5                init_prot
                0x0000000000003b3f                seg2linear
                0x0000000000003b8e                init_desc
                0x0000000000003bfa                exception_handler
 .text          0x0000000000003d27     0x1972 kernel/proc.o
                0x0000000000003d27                schedule
                0x0000000000003db2                sys_sendrec
                0x0000000000003f11                send_recv
                0x0000000000003ff1                ldt_seg_linear
                0x000000000000403b                va2la
                0x00000000000040aa                reset_msg
                0x0000000000005059                inform_int
                0x00000000000051ef                dump_proc
                0x0000000000005552                dump_msg
 .text          0x0000000000005699      0x2cf kernel/systask.o
                0x0000000000005699                task_sys
 .text          0x0000000000005968      0xe9e kernel/hd.o
                0x0000000000005968                task_hd
                0x00000000000067e1                hd_handler
 .text          0x0000000000006806       0xc0 lib/printf.o
                0x0000000000006806                printf
                0x0000000000006885                printl
 .text          0x00000000000068c6      0x318 lib/vsprintf.o
                0x0000000000006929                vsprintf
                0x0000000000006bb4                sprintf
 *fill*         0x0000000000006bde        0x2 
 .text          0x0000000000006be0      0x19a lib/kliba.o
                0x0000000000006be0                disp_str
                0x0000000000006c1e                disp_color_str
                0x0000000000006c5d                out_byte
                0x0000000000006c69                in_byte
                0x0000000000006c73                port_read
                0x0000000000006c86                port_write
                0x0000000000006c99                disable_irq
                0x0000000000006cce                enable_irq
                0x0000000000006ced                disable_int
                0x0000000000006cef                enable_int
                0x0000000000006cf1                glitter
 .text          0x0000000000006d7a      0x2d2 lib/klib.o
                0x0000000000006d7a                get_boot_params
                0x0000000000006e1a                get_kernel_map
                0x0000000000006f36                itoa
                0x0000000000006fe1                disp_int
                0x0000000000007006                delay
 *fill*         0x000000000000704c        0x4 
 .text          0x0000000000007050       0x78 lib/string.o
                0x0000000000007050                memcpy
                0x0000000000007079                memset
                0x000000000000709a                strcpy
                0x00000000000070b2                strlen
 .text          0x00000000000070c8      0x1a8 lib/misc.o
                0x00000000000070c8                memcmp
                0x000000000000713e                strcmp
                0x00000000000071b0                strcat
                0x000000000000720f                spin
                0x000000000000722a                assertion_failure
 .text          0x0000000000007270       0x73 lib/open.o
                0x0000000000007270                open
 .text          0x00000000000072e3       0x3f lib/read.o
                0x00000000000072e3                read
 .text          0x0000000000007322       0x3f lib/write.o
                0x0000000000007322                write
 .text          0x0000000000007361       0x33 lib/close.o
                0x0000000000007361                close
 .text          0x0000000000007394       0x41 lib/unlink.o
                0x0000000000007394                unlink
 .text          0x00000000000073d5       0x59 lib/getpid.o
                0x00000000000073d5                getpid
 .text          0x000000000000742e       0x75 lib/syslog.o
                0x000000000000742e                syslog
 .text          0x00000000000074a3       0x84 lib/fork.o
                0x00000000000074a3                fork
 .text          0x0000000000007527       0x5c lib/exit.o
                0x0000000000007527                exit
 .text          0x0000000000007583       0x44 lib/wait.o
                0x0000000000007583                wait
 .text          0x00000000000075c7      0x1c1 mm/main.o
                0x00000000000075c7                task_mm
                0x00000000000076f5                alloc_mem
                0x000000000000777e                free_mem
 .text          0x0000000000007788      0x80e mm/forkexit.o
                0x0000000000007788                do_fork
                0x0000000000007b45                do_exit
                0x0000000000007e5b                do_wait
 .text          0x0000000000007f96      0xf90 fs/main.o
                0x0000000000007f96                task_fs
                0x00000000000088c4                rw_sector
                0x0000000000008afe                get_super_block
                0x0000000000008b44                get_inode
                0x0000000000008cb2                put_inode
                0x0000000000008cf7                sync_inode
 .text          0x0000000000008f26      0xb5d fs/open.o
                0x0000000000008f26                do_open
                0x00000000000093b5                do_close
                0x000000000000942c                do_lseek
 .text          0x0000000000009a83      0x205 fs/misc.o
                0x0000000000009a83                search_file
                0x0000000000009bfc                strip_path
 .text          0x0000000000009c88      0x522 fs/read_write.o
                0x0000000000009c88                do_rdwt
 .text          0x000000000000a1aa      0x8f6 fs/link.o
                0x000000000000a1aa                do_unlink
 .text          0x000000000000aaa0     0x2142 fs/disklog.o
                0x000000000000aaa0                disklog
                0x000000000000b0e6                dump_fd_graph
 *(.gnu.warning)

.fini
 *(SORT(.fini))
                0x000000000000cbe2                PROVIDE (__etext, .)
                0x000000000000cbe2                PROVIDE (_etext, .)
                0x000000000000cbe2                PROVIDE (etext, .)

.rodata         0x000000000000cc00     0x25a2
 *(.rodata .rodata.* .gnu.linkonce.r.*)
 .rodata        0x000000000000cc00       0x47 kernel/start.o
 *fill*         0x000000000000cc47        0x1 
 .rodata        0x000000000000cc48       0xf8 kernel/main.o
 .rodata        0x000000000000cd40       0x64 kernel/keyboard.o
 .rodata        0x000000000000cda4      0x168 kernel/tty.o
 .rodata        0x000000000000cf0c       0x5b kernel/console.o
 .rodata        0x000000000000cf67       0x11 kernel/i8259.o
 .rodata        0x000000000000cf78       0x10 kernel/global.o
                0x000000000000cf78                FSBUF_SIZE
                0x000000000000cf7c                MMBUF_SIZE
                0x000000000000cf80                LOGBUF_SIZE
                0x000000000000cf84                LOGDISKBUF_SIZE
 *fill*         0x000000000000cf88       0x18 
 .rodata        0x000000000000cfa0      0x580 kernel/protect.o
 .rodata        0x000000000000d520      0x61e kernel/proc.o
 .rodata        0x000000000000db3e       0x11 kernel/systask.o
 *fill*         0x000000000000db4f        0x1 
 .rodata        0x000000000000db50      0x1df kernel/hd.o
 .rodata        0x000000000000dd2f       0x14 lib/printf.o
 *fill*         0x000000000000dd43        0x1 
 .rodata        0x000000000000dd44       0x66 lib/klib.o
 *fill*         0x000000000000ddaa        0x2 
 .rodata        0x000000000000ddac       0x61 lib/misc.o
 .rodata        0x000000000000de0d       0x23 lib/open.o
 .rodata        0x000000000000de30       0x25 lib/getpid.o
 .rodata        0x000000000000de55       0x1e lib/syslog.o
 .rodata        0x000000000000de73       0x33 lib/fork.o
 .rodata        0x000000000000dea6       0x23 lib/exit.o
 *fill*         0x000000000000dec9        0x3 
 .rodata        0x000000000000decc       0xb1 mm/main.o
 *fill*         0x000000000000df7d        0x3 
 .rodata        0x000000000000df80      0x363 mm/forkexit.o
 *fill*         0x000000000000e2e3        0x1 
 .rodata        0x000000000000e2e4      0x266 fs/main.o
 *fill*         0x000000000000e54a        0x2 
 .rodata        0x000000000000e54c      0x13c fs/open.o
 .rodata        0x000000000000e688      0x164 fs/read_write.o
 .rodata        0x000000000000e7ec      0x1ad fs/link.o
 *fill*         0x000000000000e999        0x3 
 .rodata        0x000000000000e99c      0x806 fs/disklog.o

.rodata1
 *(.rodata1)

.eh_frame_hdr
 *(.eh_frame_hdr)

.eh_frame       0x000000000000f1a4     0x11f4
 *(.eh_frame)
 .eh_frame      0x000000000000f1a4       0x38 kernel/start.o
 .eh_frame      0x000000000000f1dc       0xd0 kernel/main.o
                                         0xe8 (size before relaxing)
 .eh_frame      0x000000000000f2ac       0x60 kernel/clock.o
                                         0x78 (size before relaxing)
 .eh_frame      0x000000000000f30c       0xe0 kernel/keyboard.o
                                         0xf8 (size before relaxing)
 .eh_frame      0x000000000000f3ec      0x13c kernel/tty.o
                                        0x154 (size before relaxing)
 .eh_frame      0x000000000000f528      0x148 kernel/console.o
                                        0x160 (size before relaxing)
 .eh_frame      0x000000000000f670       0x60 kernel/i8259.o
                                         0x78 (size before relaxing)
 .eh_frame      0x000000000000f6d0       0xb0 kernel/protect.o
                                         0xc8 (size before relaxing)
 .eh_frame      0x000000000000f780      0x1e0 kernel/proc.o
                                        0x1f8 (size before relaxing)
 .eh_frame      0x000000000000f960       0x5c kernel/systask.o
                                         0x74 (size before relaxing)
 .eh_frame      0x000000000000f9bc      0x210 kernel/hd.o
                                        0x228 (size before relaxing)
 .eh_frame      0x000000000000fbcc       0x40 lib/printf.o
                                         0x58 (size before relaxing)
 .eh_frame      0x000000000000fc0c       0x68 lib/vsprintf.o
                                         0x80 (size before relaxing)
 .eh_frame      0x000000000000fc74       0xa0 lib/klib.o
                                         0xb8 (size before relaxing)
 .eh_frame      0x000000000000fd14       0x9c lib/misc.o
                                         0xb4 (size before relaxing)
 .eh_frame      0x000000000000fdb0       0x20 lib/open.o
                                         0x38 (size before relaxing)
 .eh_frame      0x000000000000fdd0       0x20 lib/read.o
                                         0x38 (size before relaxing)
 .eh_frame      0x000000000000fdf0       0x20 lib/write.o
                                         0x38 (size before relaxing)
 .eh_frame      0x000000000000fe10       0x20 lib/close.o
                                         0x38 (size before relaxing)
 .eh_frame      0x000000000000fe30       0x20 lib/unlink.o
                                         0x38 (size before relaxing)
 .eh_frame      0x000000000000fe50       0x20 lib/getpid.o
                                         0x38 (size before relaxing)
 .eh_frame      0x000000000000fe70       0x20 lib/syslog.o
                                         0x38 (size before relaxing)
 .eh_frame      0x000000000000fe90       0x20 lib/fork.o
                                         0x38 (size before relaxing)
 .eh_frame      0x000000000000feb0       0x20 lib/exit.o
                                         0x38 (size before relaxing)
 .eh_frame      0x000000000000fed0       0x20 lib/wait.o
                                         0x38 (size before relaxing)
 .eh_frame      0x000000000000fef0       0x7c mm/main.o
                                         0x94 (size before relaxing)
 .eh_frame      0x000000000000ff6c       0x90 mm/forkexit.o
                                         0xa8 (size before relaxing)
 .eh_frame      0x000000000000fffc      0x174 fs/main.o
                                        0x18c (size before relaxing)
 .eh_frame      0x0000000000010170      0x128 fs/open.o
                                        0x140 (size before relaxing)
 .eh_frame      0x0000000000010298       0x48 fs/misc.o
                                         0x60 (size before relaxing)
 .eh_frame      0x00000000000102e0       0x2c fs/read_write.o
                                         0x44 (size before relaxing)
 .eh_frame      0x000000000001030c       0x2c fs/link.o
                                         0x44 (size before relaxing)
 .eh_frame      0x0000000000010338       0x60 fs/disklog.o
                                         0x78 (size before relaxing)

.gcc_except_table
 *(.gcc_except_table .gcc_except_table.*)

.exception_ranges
 *(.exception_ranges .exception_ranges*)
                0x0000000000010398                . = (ALIGN (0x1000) - ((0x1000 - .) & 0xfff))
                0x0000000000011000                . = DATA_SEGMENT_ALIGN (0x1000, 0x1000)

.eh_frame
 *(.eh_frame)

.gcc_except_table
 *(.gcc_except_table .gcc_except_table.*)

.exception_ranges
 *(.exception_ranges .exception_ranges*)

.tdata
 *(.tdata .tdata.* .gnu.linkonce.td.*)

.tbss
 *(.tbss .tbss.* .gnu.linkonce.tb.*)
 *(.tcommon)

.preinit_array  0x0000000000011000        0x0
                0x0000000000011000                PROVIDE (__preinit_array_start, .)
 *(.preinit_array)
                0x0000000000011000                PROVIDE (__preinit_array_end, .)

.init_array     0x0000000000011000        0x0
                0x0000000000011000                PROVIDE (__init_array_start, .)
 *(SORT(.init_array.*) SORT(.ctors.*))
 *(.init_array EXCLUDE_FILE(*crtend?.o *crtend.o *crtbegin?.o *crtbegin.o) .ctors)
                0x0000000000011000                PROVIDE (__init_array_end, .)

.fini_array     0x0000000000011000        0x0
                0x0000000000011000                PROVIDE (__fini_array_start, .)
 *(SORT(.fini_array.*) SORT(.dtors.*))
 *(.fini_array EXCLUDE_FILE(*crtend?.o *crtend.o *crtbegin?.o *crtbegin.o) .dtors)
                0x0000000000011000                PROVIDE (__fini_array_end, .)

.ctors
 *crtbegin.o(.ctors)
 *crtbegin?.o(.ctors)
 *(EXCLUDE_FILE(*crtend?.o *crtend.o) .ctors)
 *(SORT(.ctors.*))
 *(.ctors)

.dtors
 *crtbegin.o(.dtors)
 *crtbegin?.o(.dtors)
 *(EXCLUDE_FILE(*crtend?.o *crtend.o) .dtors)
 *(SORT(.dtors.*))
 *(.dtors)

.jcr
 *(.jcr)

.data.rel.ro
 *(.data.rel.ro.local* .gnu.linkonce.d.rel.ro.local.*)
 *(.data.rel.ro .data.rel.ro.* .gnu.linkonce.d.rel.ro.*)

.dynamic
 *(.dynamic)

.got
 *(.got)
 *(.igot)
                0x0000000000011000                . = DATA_SEGMENT_RELRO_END (., (SIZEOF (.got.plt) >= 0xc)?0xc:0x0)

.got.plt        0x0000000000011000        0x0
 *(.got.plt)
 *(.igot.plt)
 .igot.plt      0x0000000000000000        0x0 kernel/kernel.o

.data           0x0000000000011000      0x814
 *(.data .data.* .gnu.linkonce.d.*)
 .data          0x0000000000011000        0x2 kernel/kernel.o
 .data          0x0000000000011002        0x0 kernel/start.o
 .data          0x0000000000011002        0x0 kernel/main.o
 .data          0x0000000000011002        0x0 kernel/clock.o
 *fill*         0x0000000000011002       0x1e 
 .data          0x0000000000011020      0x600 kernel/keyboard.o
                0x0000000000011020                keymap
 .data          0x0000000000011620       0x22 kernel/tty.o
 .data          0x0000000000011642        0x0 kernel/console.o
 .data          0x0000000000011642        0x0 kernel/i8259.o
 *fill*         0x0000000000011642       0x1e 
 .data          0x0000000000011660      0x1b4 kernel/global.o
                0x0000000000011660                task_table
                0x0000000000011740                user_proc_table
                0x00000000000117e0                sys_call_table
                0x00000000000117ec                dd_map
                0x0000000000011804                fsbuf
                0x0000000000011808                mmbuf
                0x000000000001180c                logbuf
                0x0000000000011810                logdiskbuf
 .data          0x0000000000011814        0x0 kernel/protect.o
 .data          0x0000000000011814        0x0 kernel/proc.o
 .data          0x0000000000011814        0x0 kernel/systask.o
 .data          0x0000000000011814        0x0 kernel/hd.o
 .data          0x0000000000011814        0x0 lib/printf.o
 .data          0x0000000000011814        0x0 lib/vsprintf.o
 .data          0x0000000000011814        0x0 lib/klib.o
 .data          0x0000000000011814        0x0 lib/misc.o
 .data          0x0000000000011814        0x0 lib/open.o
 .data          0x0000000000011814        0x0 lib/read.o
 .data          0x0000000000011814        0x0 lib/write.o
 .data          0x0000000000011814        0x0 lib/close.o
 .data          0x0000000000011814        0x0 lib/unlink.o
 .data          0x0000000000011814        0x0 lib/getpid.o
 .data          0x0000000000011814        0x0 lib/syslog.o
 .data          0x0000000000011814        0x0 lib/fork.o
 .data          0x0000000000011814        0x0 lib/exit.o
 .data          0x0000000000011814        0x0 lib/wait.o
 .data          0x0000000000011814        0x0 mm/main.o
 .data          0x0000000000011814        0x0 mm/forkexit.o
 .data          0x0000000000011814        0x0 fs/main.o
 .data          0x0000000000011814        0x0 fs/open.o
 .data          0x0000000000011814        0x0 fs/misc.o
 .data          0x0000000000011814        0x0 fs/read_write.o
 .data          0x0000000000011814        0x0 fs/link.o
 .data          0x0000000000011814        0x0 fs/disklog.o

.data1
 *(.data1)
                0x0000000000011814                _edata = .
                0x0000000000011814                PROVIDE (edata, .)
                0x0000000000011814                . = .
                0x0000000000011814                __bss_start = .

.bss            0x0000000000011820    0x2b788
 *(.dynbss)
 *(.bss .bss.* .gnu.linkonce.b.*)
 .bss           0x0000000000011820      0x800 kernel/kernel.o
 .bss           0x0000000000012020        0x0 kernel/start.o
 .bss           0x0000000000012020        0x0 kernel/main.o
 .bss           0x0000000000012020        0x0 kernel/clock.o
 .bss           0x0000000000012020       0x58 kernel/keyboard.o
 .bss           0x0000000000012078        0x0 kernel/tty.o
 .bss           0x0000000000012078        0x0 kernel/console.o
 .bss           0x0000000000012078        0x0 kernel/i8259.o
 .bss           0x0000000000012078        0x0 kernel/global.o
 .bss           0x0000000000012078        0x0 kernel/protect.o
 .bss           0x0000000000012078        0x0 kernel/proc.o
 .bss           0x0000000000012078        0x0 kernel/systask.o
 *fill*         0x0000000000012078        0x8 
 .bss           0x0000000000012080      0x64c kernel/hd.o
 .bss           0x00000000000126cc        0x0 lib/printf.o
 .bss           0x00000000000126cc        0x0 lib/vsprintf.o
 .bss           0x00000000000126cc        0x0 lib/klib.o
 .bss           0x00000000000126cc        0x0 lib/misc.o
 .bss           0x00000000000126cc        0x0 lib/open.o
 .bss           0x00000000000126cc        0x0 lib/read.o
 .bss           0x00000000000126cc        0x0 lib/write.o
 .bss           0x00000000000126cc        0x0 lib/close.o
 .bss           0x00000000000126cc        0x0 lib/unlink.o
 .bss           0x00000000000126cc        0x0 lib/getpid.o
 .bss           0x00000000000126cc        0x0 lib/syslog.o
 .bss           0x00000000000126cc        0x0 lib/fork.o
 .bss           0x00000000000126cc        0x0 lib/exit.o
 .bss           0x00000000000126cc        0x0 lib/wait.o
 .bss           0x00000000000126cc        0x0 mm/main.o
 .bss           0x00000000000126cc        0x0 mm/forkexit.o
 .bss           0x00000000000126cc        0x0 fs/main.o
 .bss           0x00000000000126cc        0x0 fs/open.o
 .bss           0x00000000000126cc        0x0 fs/misc.o
 .bss           0x00000000000126cc        0x0 fs/read_write.o
 .bss           0x00000000000126cc        0x0 fs/link.o
 *fill*         0x00000000000126cc       0x14 
 .bss           0x00000000000126e0      0x208 fs/disklog.o
 *(COMMON)
 *fill*         0x00000000000128e8       0x18 
 COMMON         0x0000000000012900    0x2a698 kernel/global.o
                0x0000000000012900                idt_ptr
                0x0000000000012920                inode_table
                0x0000000000013420                task_stack
                0x0000000000037420                k_reenter
                0x0000000000037440                gdt
                0x0000000000037840                current_console
                0x0000000000037844                pcaller
                0x0000000000037860                tty_table
                0x00000000000384e0                tss
                0x0000000000038560                fs_msg
                0x0000000000038590                memory_size
                0x00000000000385a0                f_desc_table
                0x00000000000389a0                root_inode
                0x00000000000389a4                disp_pos
                0x00000000000389c0                mm_msg
                0x00000000000389f0                key_pressed
                0x00000000000389f4                gdt_ptr
                0x0000000000038a00                idt
                0x0000000000039200                super_block
                0x00000000000393e0                ticks
                0x0000000000039400                console_table
                0x0000000000039440                irq_table
                0x0000000000039480                p_proc_ready
                0x00000000000394a0                proc_table
 COMMON         0x000000000003cf98       0x10 kernel/hd.o
                0x000000000003cf98                PARTITION_ENTRY
                0x000000000003cfa8                . = ALIGN ((. != 0x0)?0x4:0x1)
                0x000000000003cfa8                . = ALIGN (0x4)
                0x000000000003cfa8                . = SEGMENT_START ("ldata-segment", .)
                0x000000000003cfa8                . = ALIGN (0x4)
                0x000000000003cfa8                _end = .
                0x000000000003cfa8                PROVIDE (end, .)
                0x000000000003cfa8                . = DATA_SEGMENT_END (.)

.stab
 *(.stab)

.stabstr
 *(.stabstr)

.stab.excl
 *(.stab.excl)

.stab.exclstr
 *(.stab.exclstr)

.stab.index
 *(.stab.index)

.stab.indexstr
 *(.stab.indexstr)

.comment        0x0000000000000000       0x2b
 *(.comment)
 .comment       0x0000000000000000       0x2b kernel/start.o
                                         0x2c (size before relaxing)
 .comment       0x0000000000000000       0x2c kernel/main.o
 .comment       0x0000000000000000       0x2c kernel/clock.o
 .comment       0x0000000000000000       0x2c kernel/keyboard.o
 .comment       0x0000000000000000       0x2c kernel/tty.o
 .comment       0x0000000000000000       0x2c kernel/console.o
 .comment       0x0000000000000000       0x2c kernel/i8259.o
 .comment       0x0000000000000000       0x2c kernel/global.o
 .comment       0x0000000000000000       0x2c kernel/protect.o
 .comment       0x0000000000000000       0x2c kernel/proc.o
 .comment       0x0000000000000000       0x2c kernel/systask.o
 .comment       0x0000000000000000       0x2c kernel/hd.o
 .comment       0x0000000000000000       0x2c lib/printf.o
 .comment       0x0000000000000000       0x2c lib/vsprintf.o
 .comment       0x0000000000000000       0x2c lib/klib.o
 .comment       0x0000000000000000       0x2c lib/misc.o
 .comment       0x0000000000000000       0x2c lib/open.o
 .comment       0x0000000000000000       0x2c lib/read.o
 .comment       0x0000000000000000       0x2c lib/write.o
 .comment       0x0000000000000000       0x2c lib/close.o
 .comment       0x0000000000000000       0x2c lib/unlink.o
 .comment       0x0000000000000000       0x2c lib/getpid.o
 .comment       0x0000000000000000       0x2c lib/syslog.o
 .comment       0x0000000000000000       0x2c lib/fork.o
 .comment       0x0000000000000000       0x2c lib/exit.o
 .comment       0x0000000000000000       0x2c lib/wait.o
 .comment       0x0000000000000000       0x2c mm/main.o
 .comment       0x0000000000000000       0x2c mm/forkexit.o
 .comment       0x0000000000000000       0x2c fs/main.o
 .comment       0x0000000000000000       0x2c fs/open.o
 .comment       0x0000000000000000       0x2c fs/misc.o
 .comment       0x0000000000000000       0x2c fs/read_write.o
 .comment       0x0000000000000000       0x2c fs/link.o
 .comment       0x0000000000000000       0x2c fs/disklog.o

.debug
 *(.debug)

.line
 *(.line)

.debug_srcinfo
 *(.debug_srcinfo)

.debug_sfnames
 *(.debug_sfnames)

.debug_aranges
 *(.debug_aranges)

.debug_pubnames
 *(.debug_pubnames)

.debug_info
 *(.debug_info .gnu.linkonce.wi.*)

.debug_abbrev
 *(.debug_abbrev)

.debug_line
 *(.debug_line .debug_line.* .debug_line_end)

.debug_frame
 *(.debug_frame)

.debug_str
 *(.debug_str)

.debug_loc
 *(.debug_loc)

.debug_macinfo
 *(.debug_macinfo)

.debug_weaknames
 *(.debug_weaknames)

.debug_funcnames
 *(.debug_funcnames)

.debug_typenames
 *(.debug_typenames)

.debug_varnames
 *(.debug_varnames)

.debug_pubtypes
 *(.debug_pubtypes)

.debug_ranges
 *(.debug_ranges)

.debug_macro
 *(.debug_macro)

.gnu.attributes
 *(.gnu.attributes)

/DISCARD/
 *(.note.GNU-stack)
 *(.gnu_debuglink)
 *(.gnu.lto_*)
OUTPUT(kernel.bin elf32-i386)
