
分配公共符号
公共符号            大小              文件

idt_ptr             0x6               kernel/global.o
inode_table         0xb00             kernel/global.o
task_stack          0x38000           kernel/global.o
k_reenter           0x4               kernel/global.o
gdt                 0x400             kernel/global.o
pcaller             0x4               kernel/global.o
tty_table           0xc30             kernel/global.o
tss                 0x68              kernel/global.o
fs_msg              0x30              kernel/global.o
nr_current_console  0x4               kernel/global.o
f_desc_table        0x300             kernel/global.o
root_inode          0x4               kernel/global.o
disp_pos            0x4               kernel/global.o
gdt_ptr             0x6               kernel/global.o
idt                 0x800             kernel/global.o
super_block         0x1e0             kernel/global.o
PARTITION_ENTRY     0x10              kernel/hd.o
ticks               0x4               kernel/global.o
console_table       0x30              kernel/global.o
irq_table           0x40              kernel/global.o
p_proc_ready        0x4               kernel/global.o
proc_table          0xb28             kernel/global.o

Discarded input sections

 .note.GNU-stack
                0x0000000000000000        0x0 kernel/start.o
 .note.GNU-stack
                0x0000000000000000        0x0 kernel/main.o
 .note.GNU-stack
                0x0000000000000000        0x0 kernel/clock.o
 .note.GNU-stack
                0x0000000000000000        0x0 kernel/keyboard.o
 .note.GNU-stack
                0x0000000000000000        0x0 kernel/tty.o
 .note.GNU-stack
                0x0000000000000000        0x0 kernel/console.o
 .note.GNU-stack
                0x0000000000000000        0x0 kernel/i8259.o
 .note.GNU-stack
                0x0000000000000000        0x0 kernel/global.o
 .note.GNU-stack
                0x0000000000000000        0x0 kernel/protect.o
 .note.GNU-stack
                0x0000000000000000        0x0 kernel/proc.o
 .note.GNU-stack
                0x0000000000000000        0x0 kernel/systask.o
 .note.GNU-stack
                0x0000000000000000        0x0 kernel/hd.o
 .note.GNU-stack
                0x0000000000000000        0x0 lib/printf.o
 .note.GNU-stack
                0x0000000000000000        0x0 lib/vsprintf.o
 .note.GNU-stack
                0x0000000000000000        0x0 lib/klib.o
 .note.GNU-stack
                0x0000000000000000        0x0 lib/misc.o
 .note.GNU-stack
                0x0000000000000000        0x0 lib/open.o
 .note.GNU-stack
                0x0000000000000000        0x0 lib/read.o
 .note.GNU-stack
                0x0000000000000000        0x0 lib/write.o
 .note.GNU-stack
                0x0000000000000000        0x0 lib/close.o
 .note.GNU-stack
                0x0000000000000000        0x0 fs/main.o
 .note.GNU-stack
                0x0000000000000000        0x0 fs/open.o
 .note.GNU-stack
                0x0000000000000000        0x0 fs/misc.o
 .note.GNU-stack
                0x0000000000000000        0x0 fs/read_write.o

内存配置

名称           来源             长度             属性
*default*        0x0000000000000000 0xffffffffffffffff

Linker script and memory map

段 .text 的地址设置为 0x30400
LOAD kernel/kernel.o
LOAD lib/syscall.o
LOAD kernel/start.o
LOAD kernel/main.o
LOAD kernel/clock.o
LOAD kernel/keyboard.o
LOAD kernel/tty.o
LOAD kernel/console.o
LOAD kernel/i8259.o
LOAD kernel/global.o
LOAD kernel/protect.o
LOAD kernel/proc.o
LOAD kernel/systask.o
LOAD kernel/hd.o
LOAD lib/printf.o
LOAD lib/vsprintf.o
LOAD lib/kliba.o
LOAD lib/klib.o
LOAD lib/string.o
LOAD lib/misc.o
LOAD lib/open.o
LOAD lib/read.o
LOAD lib/write.o
LOAD lib/close.o
LOAD fs/main.o
LOAD fs/open.o
LOAD fs/misc.o
LOAD fs/read_write.o
                0x0000000008048000                PROVIDE (__executable_start, 0x8048000)
                0x0000000008048094                . = (0x8048000 + SIZEOF_HEADERS)

.interp
 *(.interp)

.note.gnu.build-id
 *(.note.gnu.build-id)

.hash
 *(.hash)

.gnu.hash
 *(.gnu.hash)

.dynsym
 *(.dynsym)

.dynstr
 *(.dynstr)

.gnu.version
 *(.gnu.version)

.gnu.version_d
 *(.gnu.version_d)

.gnu.version_r
 *(.gnu.version_r)

.rel.dyn        0x0000000008048094        0x0
 *(.rel.init)
 *(.rel.text .rel.text.* .rel.gnu.linkonce.t.*)
 .rel.text      0x0000000000000000        0x0 kernel/kernel.o
 *(.rel.fini)
 *(.rel.rodata .rel.rodata.* .rel.gnu.linkonce.r.*)
 *(.rel.data.rel.ro .rel.data.rel.ro.* .rel.gnu.linkonce.d.rel.ro.*)
 *(.rel.data .rel.data.* .rel.gnu.linkonce.d.*)
 .rel.data      0x0000000000000000        0x0 kernel/kernel.o
 *(.rel.tdata .rel.tdata.* .rel.gnu.linkonce.td.*)
 *(.rel.tbss .rel.tbss.* .rel.gnu.linkonce.tb.*)
 *(.rel.ctors)
 *(.rel.dtors)
 *(.rel.got)
 *(.rel.bss .rel.bss.* .rel.gnu.linkonce.b.*)
 *(.rel.ifunc)

.rel.plt        0x0000000008048094        0x0
 *(.rel.plt)
                0x0000000008048094                PROVIDE (__rel_iplt_start, .)
 *(.rel.iplt)
 .rel.iplt      0x0000000000000000        0x0 kernel/kernel.o
                0x0000000008048094                PROVIDE (__rel_iplt_end, .)

.init
 *(SORT(.init))

.plt            0x00000000080480a0        0x0
 *(.plt)
 *(.iplt)
 .iplt          0x0000000000000000        0x0 kernel/kernel.o

.text           0x0000000000030400     0x7648
 *(.text.unlikely .text.*_unlikely .text.unlikely.*)
 *(.text.exit .text.exit.*)
 *(.text.startup .text.startup.*)
 *(.text.hot .text.hot.*)
 *(.text .stub .text.* .gnu.linkonce.t.*)
 .text          0x0000000000030400      0x410 kernel/kernel.o
                0x0000000000030400                _start
                0x0000000000030440                hwint00
                0x0000000000030470                hwint01
                0x00000000000304a0                hwint02
                0x00000000000304d0                hwint03
                0x0000000000030500                hwint04
                0x0000000000030530                hwint05
                0x0000000000030560                hwint06
                0x0000000000030590                hwint07
                0x00000000000305c0                hwint08
                0x00000000000305f0                hwint09
                0x0000000000030620                hwint10
                0x0000000000030650                hwint11
                0x0000000000030680                hwint12
                0x00000000000306b0                hwint13
                0x00000000000306e0                hwint14
                0x0000000000030710                hwint15
                0x0000000000030734                divide_error
                0x000000000003073a                single_step_exception
                0x0000000000030740                nmi
                0x0000000000030746                breakpoint_exception
                0x000000000003074c                overflow
                0x0000000000030752                bounds_check
                0x0000000000030758                inval_opcode
                0x000000000003075e                copr_not_available
                0x0000000000030764                double_fault
                0x0000000000030768                copr_seg_overrun
                0x000000000003076e                inval_tss
                0x0000000000030772                segment_not_present
                0x0000000000030776                stack_exception
                0x000000000003077a                general_protection
                0x000000000003077e                page_fault
                0x0000000000030782                copr_error
                0x00000000000307cb                sys_call
                0x00000000000307eb                restart
 .text          0x0000000000030810       0x20 lib/syscall.o
                0x0000000000030810                sendrec
                0x0000000000030824                printx
 .text          0x0000000000030830       0x8e kernel/start.o
                0x0000000000030830                cstart
 .text          0x00000000000308be      0x59b kernel/main.o
                0x00000000000308be                kernel_main
                0x0000000000030b6e                get_ticks
                0x0000000000030ba6                TestA
                0x0000000000030dc9                TestB
                0x0000000000030de9                TestC
                0x0000000000030e09                panic
 .text          0x0000000000030e59       0xde kernel/clock.o
                0x0000000000030e59                clock_handler
                0x0000000000030e9a                milli_delay
                0x0000000000030ed3                init_clock
 .text          0x0000000000030f37      0x67d kernel/keyboard.o
                0x0000000000030f37                keyboard_handler
                0x0000000000030f93                init_keyboard
                0x0000000000031038                keyboard_read
 .text          0x00000000000315b4      0x4fa kernel/tty.o
                0x00000000000315b4                task_tty
                0x000000000003165e                in_process
                0x00000000000318b3                tty_write
                0x00000000000318f7                sys_printx
 .text          0x0000000000031aae      0x40b kernel/console.o
                0x0000000000031aae                init_screen
                0x0000000000031bca                is_current_console
                0x0000000000031be5                out_char
                0x0000000000031e21                select_console
                0x0000000000031e52                scroll_screen
 .text          0x0000000000031eb9      0x13c kernel/i8259.o
                0x0000000000031eb9                init_8259A
                0x0000000000031faa                spurious_irq
                0x0000000000031fd5                put_irq_handler
 .text          0x0000000000031ff5        0x0 kernel/global.o
 .text          0x0000000000031ff5      0x7e9 kernel/protect.o
                0x0000000000031ff5                init_prot
                0x00000000000325f6                seg2phys
                0x00000000000326b1                exception_handler
 .text          0x00000000000327de     0x1a12 kernel/proc.o
                0x00000000000327de                schedule
                0x0000000000032869                sys_sendrec
                0x00000000000329c8                send_recv
                0x0000000000032aa8                ldt_seg_linear
                0x0000000000032af2                va2la
                0x0000000000032b61                reset_msg
                0x0000000000033b34                inform_int
                0x0000000000033cd6                dump_proc
                0x00000000000340a9                dump_msg
 .text          0x00000000000341f0       0x62 kernel/systask.o
                0x00000000000341f0                task_sys
 .text          0x0000000000034252      0xe9e kernel/hd.o
                0x0000000000034252                task_hd
                0x00000000000350cb                hd_handler
 .text          0x00000000000350f0       0x4f lib/printf.o
                0x00000000000350f0                printf
 .text          0x000000000003513f      0x318 lib/vsprintf.o
                0x00000000000351a2                vsprintf
                0x000000000003542d                sprintf
 *fill*         0x0000000000035457        0x9 
 .text          0x0000000000035460      0x19a lib/kliba.o
                0x0000000000035460                disp_str
                0x000000000003549e                disp_color_str
                0x00000000000354dd                out_byte
                0x00000000000354e9                in_byte
                0x00000000000354f3                port_read
                0x0000000000035506                port_write
                0x0000000000035519                disable_irq
                0x000000000003554e                enable_irq
                0x000000000003556d                disable_int
                0x000000000003556f                enable_int
                0x0000000000035571                glitter
 .text          0x00000000000355fa      0x116 lib/klib.o
                0x00000000000355fa                itoa
                0x00000000000356a5                disp_int
                0x00000000000356ca                delay
 .text          0x0000000000035710       0x78 lib/string.o
                0x0000000000035710                memcpy
                0x0000000000035739                memset
                0x000000000003575a                strcpy
                0x0000000000035772                strlen
 .text          0x0000000000035788      0x1a8 lib/misc.o
                0x0000000000035788                memcmp
                0x00000000000357fe                strcmp
                0x0000000000035870                strcat
                0x00000000000358cf                spin
                0x00000000000358ea                assertion_failure
 .text          0x0000000000035930       0x73 lib/open.o
                0x0000000000035930                open
 .text          0x00000000000359a3       0x3f lib/read.o
                0x00000000000359a3                read
 .text          0x00000000000359e2       0x3f lib/write.o
                0x00000000000359e2                write
 .text          0x0000000000035a21       0x33 lib/close.o
                0x0000000000035a21                close
 .text          0x0000000000035a54      0xdab fs/main.o
                0x0000000000035a54                task_fs
                0x00000000000362af                rw_sector
                0x00000000000364e9                get_super_block
                0x000000000003652f                get_inode
                0x000000000003669d                put_inode
                0x00000000000366e2                sync_inode
 .text          0x00000000000367ff      0xb22 fs/open.o
                0x00000000000367ff                do_open
                0x0000000000036c9c                do_close
                0x0000000000036cf4                do_lseek
 .text          0x0000000000037321      0x205 fs/misc.o
                0x0000000000037321                search_file
                0x000000000003749a                strip_path
 .text          0x0000000000037526      0x522 fs/read_write.o
                0x0000000000037526                do_rdwt
 *(.gnu.warning)

.fini
 *(SORT(.fini))
                0x0000000000037a48                PROVIDE (__etext, .)
                0x0000000000037a48                PROVIDE (_etext, .)
                0x0000000000037a48                PROVIDE (etext, .)

.rodata         0x0000000000037a60     0x142c
 *(.rodata .rodata.* .gnu.linkonce.r.*)
 .rodata        0x0000000000037a60       0x47 kernel/start.o
 *fill*         0x0000000000037aa7        0x1 
 .rodata        0x0000000000037aa8       0xc8 kernel/main.o
 .rodata        0x0000000000037b70       0x64 kernel/keyboard.o
 .rodata        0x0000000000037bd4       0x90 kernel/tty.o
 .rodata        0x0000000000037c64       0x11 kernel/i8259.o
 *fill*         0x0000000000037c75        0x3 
 .rodata        0x0000000000037c78        0x4 kernel/global.o
                0x0000000000037c78                FSBUF_SIZE
 *fill*         0x0000000000037c7c        0x4 
 .rodata        0x0000000000037c80      0x540 kernel/protect.o
 .rodata        0x00000000000381c0      0x63e kernel/proc.o
 .rodata        0x00000000000387fe       0x11 kernel/systask.o
 *fill*         0x000000000003880f        0x1 
 .rodata        0x0000000000038810      0x1ba kernel/hd.o
 *fill*         0x00000000000389ca        0x2 
 .rodata        0x00000000000389cc       0x61 lib/misc.o
 .rodata        0x0000000000038a2d       0x23 lib/open.o
 .rodata        0x0000000000038a50      0x1b2 fs/main.o
 *fill*         0x0000000000038c02        0x2 
 .rodata        0x0000000000038c04      0x121 fs/open.o
 *fill*         0x0000000000038d25        0x3 
 .rodata        0x0000000000038d28      0x164 fs/read_write.o

.rodata1
 *(.rodata1)

.eh_frame_hdr
 *(.eh_frame_hdr)

.eh_frame       0x0000000000038e8c      0xe1c
 *(.eh_frame)
 .eh_frame      0x0000000000038e8c       0x38 kernel/start.o
 .eh_frame      0x0000000000038ec4       0xb8 kernel/main.o
                                         0xd0 (size before relaxing)
 .eh_frame      0x0000000000038f7c       0x60 kernel/clock.o
                                         0x78 (size before relaxing)
 .eh_frame      0x0000000000038fdc       0xe0 kernel/keyboard.o
                                         0xf8 (size before relaxing)
 .eh_frame      0x00000000000390bc       0xfc kernel/tty.o
                                        0x114 (size before relaxing)
 .eh_frame      0x00000000000391b8      0x100 kernel/console.o
                                        0x118 (size before relaxing)
 .eh_frame      0x00000000000392b8       0x60 kernel/i8259.o
                                         0x78 (size before relaxing)
 .eh_frame      0x0000000000039318       0xb0 kernel/protect.o
                                         0xc8 (size before relaxing)
 .eh_frame      0x00000000000393c8      0x1e0 kernel/proc.o
                                        0x1f8 (size before relaxing)
 .eh_frame      0x00000000000395a8       0x1c kernel/systask.o
                                         0x34 (size before relaxing)
 .eh_frame      0x00000000000395c4      0x210 kernel/hd.o
                                        0x228 (size before relaxing)
 .eh_frame      0x00000000000397d4       0x20 lib/printf.o
                                         0x38 (size before relaxing)
 .eh_frame      0x00000000000397f4       0x68 lib/vsprintf.o
                                         0x80 (size before relaxing)
 .eh_frame      0x000000000003985c       0x60 lib/klib.o
                                         0x78 (size before relaxing)
 .eh_frame      0x00000000000398bc       0x9c lib/misc.o
                                         0xb4 (size before relaxing)
 .eh_frame      0x0000000000039958       0x20 lib/open.o
                                         0x38 (size before relaxing)
 .eh_frame      0x0000000000039978       0x20 lib/read.o
                                         0x38 (size before relaxing)
 .eh_frame      0x0000000000039998       0x20 lib/write.o
                                         0x38 (size before relaxing)
 .eh_frame      0x00000000000399b8       0x20 lib/close.o
                                         0x38 (size before relaxing)
 .eh_frame      0x00000000000399d8      0x134 fs/main.o
                                        0x14c (size before relaxing)
 .eh_frame      0x0000000000039b0c      0x128 fs/open.o
                                        0x140 (size before relaxing)
 .eh_frame      0x0000000000039c34       0x48 fs/misc.o
                                         0x60 (size before relaxing)
 .eh_frame      0x0000000000039c7c       0x2c fs/read_write.o
                                         0x44 (size before relaxing)

.gcc_except_table
 *(.gcc_except_table .gcc_except_table.*)

.exception_ranges
 *(.exception_ranges .exception_ranges*)
                0x0000000000039ca8                . = (ALIGN (0x1000) - ((0x1000 - .) & 0xfff))
                0x000000000003a000                . = DATA_SEGMENT_ALIGN (0x1000, 0x1000)

.eh_frame
 *(.eh_frame)

.gcc_except_table
 *(.gcc_except_table .gcc_except_table.*)

.exception_ranges
 *(.exception_ranges .exception_ranges*)

.tdata
 *(.tdata .tdata.* .gnu.linkonce.td.*)

.tbss
 *(.tbss .tbss.* .gnu.linkonce.tb.*)
 *(.tcommon)

.preinit_array  0x000000000003a000        0x0
                0x000000000003a000                PROVIDE (__preinit_array_start, .)
 *(.preinit_array)
                0x000000000003a000                PROVIDE (__preinit_array_end, .)

.init_array     0x000000000003a000        0x0
                0x000000000003a000                PROVIDE (__init_array_start, .)
 *(SORT(.init_array.*) SORT(.ctors.*))
 *(.init_array EXCLUDE_FILE(*crtend?.o *crtend.o *crtbegin?.o *crtbegin.o) .ctors)
                0x000000000003a000                PROVIDE (__init_array_end, .)

.fini_array     0x000000000003a000        0x0
                0x000000000003a000                PROVIDE (__fini_array_start, .)
 *(SORT(.fini_array.*) SORT(.dtors.*))
 *(.fini_array EXCLUDE_FILE(*crtend?.o *crtend.o *crtbegin?.o *crtbegin.o) .dtors)
                0x000000000003a000                PROVIDE (__fini_array_end, .)

.ctors
 *crtbegin.o(.ctors)
 *crtbegin?.o(.ctors)
 *(EXCLUDE_FILE(*crtend?.o *crtend.o) .ctors)
 *(SORT(.ctors.*))
 *(.ctors)

.dtors
 *crtbegin.o(.dtors)
 *crtbegin?.o(.dtors)
 *(EXCLUDE_FILE(*crtend?.o *crtend.o) .dtors)
 *(SORT(.dtors.*))
 *(.dtors)

.jcr
 *(.jcr)

.data.rel.ro
 *(.data.rel.ro.local* .gnu.linkonce.d.rel.ro.local.*)
 *(.data.rel.ro .data.rel.ro.* .gnu.linkonce.d.rel.ro.*)

.dynamic
 *(.dynamic)

.got
 *(.got)
 *(.igot)
                0x000000000003a000                . = DATA_SEGMENT_RELRO_END (., (SIZEOF (.got.plt) >= 0xc)?0xc:0x0)

.got.plt        0x000000000003a000        0x0
 *(.got.plt)
 *(.igot.plt)
 .igot.plt      0x0000000000000000        0x0 kernel/kernel.o

.data           0x000000000003a000      0x760
 *(.data .data.* .gnu.linkonce.d.*)
 .data          0x000000000003a000        0x2 kernel/kernel.o
 .data          0x000000000003a002        0x0 kernel/start.o
 .data          0x000000000003a002        0x0 kernel/main.o
 .data          0x000000000003a002        0x0 kernel/clock.o
 *fill*         0x000000000003a002       0x1e 
 .data          0x000000000003a020      0x600 kernel/keyboard.o
                0x000000000003a020                keymap
 .data          0x000000000003a620        0x0 kernel/tty.o
 .data          0x000000000003a620        0x0 kernel/console.o
 .data          0x000000000003a620        0x0 kernel/i8259.o
 .data          0x000000000003a620      0x140 kernel/global.o
                0x000000000003a620                task_table
                0x000000000003a6c0                user_proc_table
                0x000000000003a738                sys_call_table
                0x000000000003a744                dd_map
                0x000000000003a75c                fsbuf
 .data          0x000000000003a760        0x0 kernel/protect.o
 .data          0x000000000003a760        0x0 kernel/proc.o
 .data          0x000000000003a760        0x0 kernel/systask.o
 .data          0x000000000003a760        0x0 kernel/hd.o
 .data          0x000000000003a760        0x0 lib/printf.o
 .data          0x000000000003a760        0x0 lib/vsprintf.o
 .data          0x000000000003a760        0x0 lib/klib.o
 .data          0x000000000003a760        0x0 lib/misc.o
 .data          0x000000000003a760        0x0 lib/open.o
 .data          0x000000000003a760        0x0 lib/read.o
 .data          0x000000000003a760        0x0 lib/write.o
 .data          0x000000000003a760        0x0 lib/close.o
 .data          0x000000000003a760        0x0 fs/main.o
 .data          0x000000000003a760        0x0 fs/open.o
 .data          0x000000000003a760        0x0 fs/misc.o
 .data          0x000000000003a760        0x0 fs/read_write.o

.data1
 *(.data1)
                0x000000000003a760                _edata = .
                0x000000000003a760                PROVIDE (edata, .)
                0x000000000003a760                . = .
                0x000000000003a760                __bss_start = .

.bss            0x000000000003a760    0x3c418
 *(.dynbss)
 *(.bss .bss.* .gnu.linkonce.b.*)
 .bss           0x000000000003a760      0x800 kernel/kernel.o
 .bss           0x000000000003af60        0x0 kernel/start.o
 .bss           0x000000000003af60        0x0 kernel/main.o
 .bss           0x000000000003af60        0x0 kernel/clock.o
 .bss           0x000000000003af60       0x58 kernel/keyboard.o
 .bss           0x000000000003afb8        0x0 kernel/tty.o
 .bss           0x000000000003afb8        0x0 kernel/console.o
 .bss           0x000000000003afb8        0x0 kernel/i8259.o
 .bss           0x000000000003afb8        0x0 kernel/global.o
 .bss           0x000000000003afb8        0x0 kernel/protect.o
 .bss           0x000000000003afb8        0x0 kernel/proc.o
 .bss           0x000000000003afb8        0x0 kernel/systask.o
 *fill*         0x000000000003afb8        0x8 
 .bss           0x000000000003afc0      0x64c kernel/hd.o
 .bss           0x000000000003b60c        0x0 lib/printf.o
 .bss           0x000000000003b60c        0x0 lib/vsprintf.o
 .bss           0x000000000003b60c        0x0 lib/klib.o
 .bss           0x000000000003b60c        0x0 lib/misc.o
 .bss           0x000000000003b60c        0x0 lib/open.o
 .bss           0x000000000003b60c        0x0 lib/read.o
 .bss           0x000000000003b60c        0x0 lib/write.o
 .bss           0x000000000003b60c        0x0 lib/close.o
 .bss           0x000000000003b60c        0x0 fs/main.o
 .bss           0x000000000003b60c        0x0 fs/open.o
 .bss           0x000000000003b60c        0x0 fs/misc.o
 .bss           0x000000000003b60c        0x0 fs/read_write.o
 *(COMMON)
 *fill*         0x000000000003b60c       0x14 
 COMMON         0x000000000003b620    0x3b548 kernel/global.o
                0x000000000003b620                idt_ptr
                0x000000000003b640                inode_table
                0x000000000003c140                task_stack
                0x0000000000074140                k_reenter
                0x0000000000074160                gdt
                0x0000000000074560                pcaller
                0x0000000000074580                tty_table
                0x00000000000751c0                tss
                0x0000000000075240                fs_msg
                0x0000000000075270                nr_current_console
                0x0000000000075280                f_desc_table
                0x0000000000075580                root_inode
                0x0000000000075584                disp_pos
                0x0000000000075588                gdt_ptr
                0x00000000000755a0                idt
                0x0000000000075da0                super_block
                0x0000000000075f80                ticks
                0x0000000000075fa0                console_table
                0x0000000000075fe0                irq_table
                0x0000000000076020                p_proc_ready
                0x0000000000076040                proc_table
 COMMON         0x0000000000076b68       0x10 kernel/hd.o
                0x0000000000076b68                PARTITION_ENTRY
                0x0000000000076b78                . = ALIGN ((. != 0x0)?0x4:0x1)
                0x0000000000076b78                . = ALIGN (0x4)
                0x0000000000076b78                . = SEGMENT_START ("ldata-segment", .)
                0x0000000000076b78                . = ALIGN (0x4)
                0x0000000000076b78                _end = .
                0x0000000000076b78                PROVIDE (end, .)
                0x0000000000076b78                . = DATA_SEGMENT_END (.)

.stab
 *(.stab)

.stabstr
 *(.stabstr)

.stab.excl
 *(.stab.excl)

.stab.exclstr
 *(.stab.exclstr)

.stab.index
 *(.stab.index)

.stab.indexstr
 *(.stab.indexstr)

.comment        0x0000000000000000       0x2b
 *(.comment)
 .comment       0x0000000000000000       0x2b kernel/start.o
                                         0x2c (size before relaxing)
 .comment       0x0000000000000000       0x2c kernel/main.o
 .comment       0x0000000000000000       0x2c kernel/clock.o
 .comment       0x0000000000000000       0x2c kernel/keyboard.o
 .comment       0x0000000000000000       0x2c kernel/tty.o
 .comment       0x0000000000000000       0x2c kernel/console.o
 .comment       0x0000000000000000       0x2c kernel/i8259.o
 .comment       0x0000000000000000       0x2c kernel/global.o
 .comment       0x0000000000000000       0x2c kernel/protect.o
 .comment       0x0000000000000000       0x2c kernel/proc.o
 .comment       0x0000000000000000       0x2c kernel/systask.o
 .comment       0x0000000000000000       0x2c kernel/hd.o
 .comment       0x0000000000000000       0x2c lib/printf.o
 .comment       0x0000000000000000       0x2c lib/vsprintf.o
 .comment       0x0000000000000000       0x2c lib/klib.o
 .comment       0x0000000000000000       0x2c lib/misc.o
 .comment       0x0000000000000000       0x2c lib/open.o
 .comment       0x0000000000000000       0x2c lib/read.o
 .comment       0x0000000000000000       0x2c lib/write.o
 .comment       0x0000000000000000       0x2c lib/close.o
 .comment       0x0000000000000000       0x2c fs/main.o
 .comment       0x0000000000000000       0x2c fs/open.o
 .comment       0x0000000000000000       0x2c fs/misc.o
 .comment       0x0000000000000000       0x2c fs/read_write.o

.debug
 *(.debug)

.line
 *(.line)

.debug_srcinfo
 *(.debug_srcinfo)

.debug_sfnames
 *(.debug_sfnames)

.debug_aranges
 *(.debug_aranges)

.debug_pubnames
 *(.debug_pubnames)

.debug_info
 *(.debug_info .gnu.linkonce.wi.*)

.debug_abbrev
 *(.debug_abbrev)

.debug_line
 *(.debug_line .debug_line.* .debug_line_end)

.debug_frame
 *(.debug_frame)

.debug_str
 *(.debug_str)

.debug_loc
 *(.debug_loc)

.debug_macinfo
 *(.debug_macinfo)

.debug_weaknames
 *(.debug_weaknames)

.debug_funcnames
 *(.debug_funcnames)

.debug_typenames
 *(.debug_typenames)

.debug_varnames
 *(.debug_varnames)

.debug_pubtypes
 *(.debug_pubtypes)

.debug_ranges
 *(.debug_ranges)

.debug_macro
 *(.debug_macro)

.gnu.attributes
 *(.gnu.attributes)

/DISCARD/
 *(.note.GNU-stack)
 *(.gnu_debuglink)
 *(.gnu.lto_*)
OUTPUT(kernel.bin elf32-i386)
